// Jest Snapshot v1, https://goo.gl/fbAQLP

exports[`Name component on info panel should match snapshot 1`] = `
<div
  className="panel__info-name"
>
  <div>
    File/session name:
  </div>
  <div>
    test
  </div>
  <div>
    <Popconfirm
      cancelText="No"
      okText="Yes"
      okType="primary"
      onConfirm={[Function]}
      placement="bottomRight"
      prefixCls="ant-popover"
      title="Confirm open new file."
      transitionName="zoom-big"
      trigger="click"
    >
      <Button
        className={null}
        disabled={false}
        theme="light"
        type="button"
      >
        Load new file
      </Button>
    </Popconfirm>
  </div>
</div>
`;
