// Jest Snapshot v1, https://goo.gl/fbAQLP

exports[`News item It renders initially 1`] = `
<div
  className="News-item-container"
/>
`;

exports[`News item It renders when loaded 1`] = `
<div
  className="News-item-container"
>
  <div
    className="News-item-content"
  >
    <div
      className="News-item-story"
    >
      <div
        className="News-item-headline"
      >
        test
      </div>
      <div
        className="News-item-date"
      >
        test
      </div>
      <div
        className="News-item-navbutton-container"
      >
        <Tooltip
          arrowPointAtCenter={false}
          autoAdjustOverflow={true}
          mouseEnterDelay={0.1}
          mouseLeaveDelay={0.1}
          placement="right"
          prefixCls="ant-tooltip"
          title="News archive"
          transitionName="zoom-big-fast"
        >
          <Component
            className="News-item-navlink"
            to="/news"
          >
            <Button
              ghost={false}
              loading={false}
              prefixCls="ant-btn"
              shape="circle"
              type="primary"
            >
              <FontAwesomeIcon$1
                border={false}
                className=""
                fixedWidth={false}
                flip={null}
                icon={
                  Object {
                    "icon": Array [
                      576,
                      512,
                      Array [],
                      "f1ea",
                      "M552 64H112c-20.858 0-38.643 13.377-45.248 32H24c-13.255 0-24 10.745-24 24v272c0 30.928 25.072 56 56 56h496c13.255 0 24-10.745 24-24V88c0-13.255-10.745-24-24-24zM48 392V144h16v248c0 4.411-3.589 8-8 8s-8-3.589-8-8zm480 8H111.422c.374-2.614.578-5.283.578-8V112h416v288zM172 280h136c6.627 0 12-5.373 12-12v-96c0-6.627-5.373-12-12-12H172c-6.627 0-12 5.373-12 12v96c0 6.627 5.373 12 12 12zm28-80h80v40h-80v-40zm-40 140v-24c0-6.627 5.373-12 12-12h136c6.627 0 12 5.373 12 12v24c0 6.627-5.373 12-12 12H172c-6.627 0-12-5.373-12-12zm192 0v-24c0-6.627 5.373-12 12-12h104c6.627 0 12 5.373 12 12v24c0 6.627-5.373 12-12 12H364c-6.627 0-12-5.373-12-12zm0-144v-24c0-6.627 5.373-12 12-12h104c6.627 0 12 5.373 12 12v24c0 6.627-5.373 12-12 12H364c-6.627 0-12-5.373-12-12zm0 72v-24c0-6.627 5.373-12 12-12h104c6.627 0 12 5.373 12 12v24c0 6.627-5.373 12-12 12H364c-6.627 0-12-5.373-12-12z",
                    ],
                    "iconName": "newspaper",
                    "prefix": "far",
                  }
                }
                listItem={false}
                mask={null}
                name=""
                pull={null}
                pulse={false}
                rotation={null}
                size={null}
                spin={false}
                symbol={false}
                transform={null}
              />
            </Button>
          </Component>
        </Tooltip>
        <div
          className="News-item-share-buttons-title"
        >
          Share
        </div>
        <CreatedButton
          className="nobutton"
          hashtags={
            Array [
              "#test",
            ]
          }
          title="test"
          url="http://localhost:3000/news/abcd"
          windowHeight={400}
          windowWidth={550}
        >
          <Icon
            className=""
            iconBgStyle={Object {}}
            logoFillColor="white"
            round={true}
            size={32}
          />
        </CreatedButton>
        <CreatedButton
          className="nobutton"
          hashtag="#test"
          quote="test"
          url="http://localhost:3000/news/abcd"
          windowHeight={400}
          windowWidth={550}
        >
          <Icon
            className=""
            iconBgStyle={Object {}}
            logoFillColor="white"
            round={true}
            size={32}
          />
        </CreatedButton>
        <CreatedButton
          className="nobutton"
          url="http://localhost:3000/news/abcd"
          windowHeight={400}
          windowWidth={550}
        >
          <Icon
            className=""
            iconBgStyle={Object {}}
            logoFillColor="white"
            round={true}
            size={32}
          />
        </CreatedButton>
        <CreatedButton
          className="nobutton"
          onClick={[Function]}
          openWindow={false}
          subject="test"
          url="http://localhost:3000/news/abcd"
        >
          <Icon
            className=""
            iconBgStyle={Object {}}
            logoFillColor="white"
            round={true}
            size={32}
          />
        </CreatedButton>
      </div>
      <div
        className="News-item-details"
      >
        test
      </div>
    </div>
  </div>
</div>
`;

exports[`News item It renders when loading 1`] = `
<div
  className="News-item-container"
>
  <div
    className="News-item-message"
  >
    <Spin
      prefixCls="ant-spin"
      size="large"
      spinning={true}
      wrapperClassName=""
    />
  </div>
</div>
`;

exports[`News item It renders with error 1`] = `
<div
  className="News-item-container"
>
  <div
    className="News-item-message"
  >
    <FontAwesomeIcon$1
      border={false}
      className=""
      fixedWidth={false}
      flip={null}
      icon={
        Object {
          "icon": Array [
            576,
            512,
            Array [],
            "f071",
            "M569.517 440.013C587.975 472.007 564.806 512 527.94 512H48.054c-36.937 0-59.999-40.054-41.577-71.987L246.423 23.985c18.467-32.009 64.72-31.952 83.154 0l239.94 416.028zm-27.658 15.991l-240-416c-6.16-10.678-21.583-10.634-27.718 0l-240 416C27.983 466.678 35.731 480 48 480h480c12.323 0 19.99-13.369 13.859-23.996zM288 372c-15.464 0-28 12.536-28 28s12.536 28 28 28 28-12.536 28-28-12.536-28-28-28zm-11.49-212h22.979c6.823 0 12.274 5.682 11.99 12.5l-7 168c-.268 6.428-5.556 11.5-11.99 11.5h-8.979c-6.433 0-11.722-5.073-11.99-11.5l-7-168c-.283-6.818 5.167-12.5 11.99-12.5zM288 372c-15.464 0-28 12.536-28 28s12.536 28 28 28 28-12.536 28-28-12.536-28-28-28z",
          ],
          "iconName": "exclamation-triangle",
          "prefix": "fal",
        }
      }
      listItem={false}
      mask={null}
      name=""
      pull={null}
      pulse={false}
      rotation={null}
      size={null}
      spin={false}
      symbol={false}
      transform={null}
    />
      There was an error retrieving this story
  </div>
</div>
`;
