// Jest Snapshot v1, https://goo.gl/fbAQLP

exports[`TreeRoutes Renders 1`] = `
<Tree
  checkable={false}
  expandedKeys={
    Array [
      "/help",
    ]
  }
  onExpand={[Function]}
  openAnimation={
    Object {
      "appear": [Function],
      "enter": [Function],
      "leave": [Function],
    }
  }
  prefixCls="ant-tree"
  showIcon={false}
>
  <TreeNode
    key="/help"
    title={
      <Unknown
        to="/help"
      >
        Introduction
      </Unknown>
    }
  />
  <TreeNode
    key="/help/recommendations"
    title={
      <Unknown
        to="/help/recommendations"
      >
        Recommendations
      </Unknown>
    }
  />
  <TreeNode
    key="/help/tools"
    title={
      <Unknown
        to="/help/tools"
      >
        Tools
      </Unknown>
    }
  >
    <TreeNode
      key="/help/tools/dotplot"
      title={
        <Unknown
          to="/help/tools/dotplot"
        >
          Dot plot
        </Unknown>
      }
    />
  </TreeNode>
  <TreeNode
    key="/help/visualization"
    title={
      <Unknown
        to="/help/visualization"
      >
        Visualization
      </Unknown>
    }
  >
    <TreeNode
      key="/help/visualization/heatmap"
      title={
        <Unknown
          to="/help/visualization/heatmap"
        >
          Heat map
        </Unknown>
      }
    />
  </TreeNode>
</Tree>
`;
