// Jest Snapshot v1, https://goo.gl/fbAQLP

exports[`NewsListItem should render and match snapshot 1`] = `
<Item
  actions={
    Array [
      <Unknown
        to="/news/test"
    >
        more
    </Unknown>,
    ]
  }
>
  <Meta
    description={
      <div>
        <div>
          test
        </div>
        <div
          className="news__list-details"
        >
          test
        </div>
      </div>
    }
    title="test"
  />
</Item>
`;
