// Jest Snapshot v1, https://goo.gl/fbAQLP

exports[`Save component should render 1`] = `
<div
  className="panel"
>
  <div
    className="panel__title"
  >
    Save image
  </div>
  <SaveImage
    handleImageType={[Function]}
    imageType="svg"
    isSaving={false}
    saveError={false}
    saveImage={[Function]}
  />
  <div
    className="panel__border"
  />
  <div
    className="panel__title"
  >
    Save session
  </div>
  <SaveSession
    saveSessionBrowser={[Function]}
    saveSessionFile={[Function]}
    saveSessionName={[Function]}
    sessionName=""
    storageSupport={true}
  />
  <BrowserSession />
  <div
    className="panel__border"
  />
  <div
    className="panel__title"
  >
    Archive session
  </div>
  <Archive
    archive={[Function]}
  />
</div>
`;
