// Jest Snapshot v1, https://goo.gl/fbAQLP

exports[`Heatmap interface should match snapshot 1`] = `
<div
  className="visualization__heatmap"
>
  <Connect(TabsContainer) />
  <Connect(Component)
    tabs={
      Array [
        "info",
        "map",
        "settings",
        "annotation",
        "analysis",
        "save",
      ]
    }
  />
  <Connect(FloatMapContainer) />
</div>
`;
