// Jest Snapshot v1, https://goo.gl/fbAQLP

exports[`Heatmap svg should match snapshot 1`] = `
<div
  className="heatmap-svg__wrapper"
  style={
    Object {
      "transform": "translate(0px)",
    }
  }
>
  <React.Fragment>
    <svg
      id="svg-main"
      xmlns="http://www.w3.org/2000/svg"
    >
      <Connect(PlotContainer) />
      <Connect(OverlayContainer) />
      <Connect(ColumnsContainer)
        handleClick={[Function]}
        openContextMenu={[Function]}
        toggleTooltip={[Function]}
      />
      <Connect(RowsContainer)
        handleClick={[Function]}
        openContextMenu={[Function]}
        toggleTooltip={[Function]}
      />
    </svg>
    <Connect(StatusContainer)
      fixLeft={false}
      translate={[Function]}
    />
    <Connect(ArrowsContainer)
      direction="vertical"
      height={Object {}}
      width={Object {}}
    />
    <Connect(ArrowsContainer)
      direction="horizontal"
      height={Object {}}
      width={Object {}}
    />
    <_ContextMenu
      closeMenu={[Function]}
      event={null}
      reference={null}
      setReference={[Function]}
      setSelections={[Function]}
      show={false}
      sortRows={[Function]}
      target=""
    />
    <_ContextMenu
      closeMenu={[Function]}
      event={null}
      setSelections={[Function]}
      show={false}
      target=""
    />
    <Tooltip
      display={false}
      left={0}
      text=""
      top={0}
    />
  </React.Fragment>
</div>
`;
