// Jest Snapshot v1, https://goo.gl/fbAQLP

exports[`Home video should match snapshot 1`] = `
<iframe
  allow="autoplay; encrypted-media"
  allowFullScreen={true}
  className="home__video"
  frameBorder="0"
  height="270"
  src="https://www.youtube.com/embed/4IVTrixfWpw?rel=0&showinfo=0"
  title="Demonstration of new interactive viewer"
  width="480"
/>
`;
