// Jest Snapshot v1, https://goo.gl/fbAQLP

exports[`Checkbox Renders with false as initial value 1`] = `
<TestForm
  input={
    Object {
      "change": [Function],
      "value": undefined,
    }
  }
  meta={Object {}}
  onSubmit={[Function]}
>
  <Form
    hideRequiredMark={false}
    layout="horizontal"
    onSubmit={[Function]}
    prefixCls="ant-form"
  >
    <form
      className="ant-form ant-form-horizontal"
      onSubmit={[Function]}
    >
      <CustomCheckbox
        input={
          Object {
            "change": [Function],
            "value": undefined,
          }
        }
        label={null}
        meta={Object {}}
        name="TestCheckbox"
        onChange={[Function]}
        placeHolder="Checkbox"
        style={Object {}}
      >
        <FormItem
          colon={true}
          hasFeedback={false}
          label={null}
          prefixCls="ant-form"
        >
          <Row
            className="ant-form-item"
            gutter={0}
          >
            <div
              className="ant-row ant-form-item"
            >
              <Col
                className="ant-form-item-control-wrapper"
                key=".$wrapper"
              >
                <div
                  className="ant-form-item-control-wrapper"
                >
                  <div
                    className="ant-form-item-control"
                  >
                    <span
                      className="ant-form-item-children"
                    >
                      <Checkbox
                        checked={false}
                        indeterminate={false}
                        onChange={[Function]}
                        prefixCls="ant-checkbox"
                        style={Object {}}
                      >
                        <label
                          className="ant-checkbox-wrapper"
                          style={Object {}}
                        >
                          <Checkbox
                            checked={false}
                            className=""
                            defaultChecked={false}
                            onBlur={[Function]}
                            onChange={[Function]}
                            onFocus={[Function]}
                            prefixCls="ant-checkbox"
                            style={Object {}}
                            type="checkbox"
                          >
                            <span
                              className="ant-checkbox"
                              style={Object {}}
                            >
                              <input
                                checked={false}
                                className="ant-checkbox-input"
                                onBlur={[Function]}
                                onChange={[Function]}
                                onFocus={[Function]}
                                type="checkbox"
                              />
                              <span
                                className="ant-checkbox-inner"
                              />
                            </span>
                          </Checkbox>
                        </label>
                      </Checkbox>
                    </span>
                    <Animate
                      animation={Object {}}
                      component=""
                      componentProps={Object {}}
                      key="help"
                      onAppear={[Function]}
                      onEnd={[Function]}
                      onEnter={[Function]}
                      onLeave={[Function]}
                      transitionAppear={true}
                      transitionEnter={true}
                      transitionLeave={true}
                      transitionName="show-help"
                    />
                  </div>
                </div>
              </Col>
            </div>
          </Row>
        </FormItem>
      </CustomCheckbox>
      <button
        type="submit"
      />
    </form>
  </Form>
</TestForm>
`;
