// Jest Snapshot v1, https://goo.gl/fbAQLP

exports[`Switch Renders with false as initial value 1`] = `
<TestForm
  input={
    Object {
      "change": [Function],
      "value": undefined,
    }
  }
  meta={Object {}}
  onSubmit={[Function]}
>
  <Form
    hideRequiredMark={false}
    layout="horizontal"
    onSubmit={[Function]}
    prefixCls="ant-form"
  >
    <form
      className="ant-form ant-form-horizontal"
      onSubmit={[Function]}
    >
      <CustomSwitch
        formItemLayout={Object {}}
        input={
          Object {
            "change": [Function],
            "value": undefined,
          }
        }
        label="TestSwitch"
        meta={Object {}}
        onChange={[Function]}
        style={Object {}}
      >
        <FormItem
          colon={true}
          hasFeedback={false}
          label="TestSwitch"
          prefixCls="ant-form"
        >
          <Row
            className="ant-form-item"
            gutter={0}
          >
            <div
              className="ant-row ant-form-item"
            >
              <Col
                className="ant-form-item-label"
                key=".$label"
              >
                <div
                  className="ant-form-item-label"
                >
                  <label
                    className=""
                    htmlFor={null}
                    onClick={[Function]}
                    title="TestSwitch"
                  >
                    TestSwitch
                  </label>
                </div>
              </Col>
              <Col
                className="ant-form-item-control-wrapper"
                key=".$wrapper"
              >
                <div
                  className="ant-form-item-control-wrapper"
                >
                  <div
                    className="ant-form-item-control"
                  >
                    <span
                      className="ant-form-item-children"
                    >
                      <Switch
                        checked={false}
                        onChange={[Function]}
                        prefixCls="ant-switch"
                        style={Object {}}
                      >
                        <Switch
                          checked={false}
                          checkedChildren={null}
                          className=""
                          defaultChecked={false}
                          onChange={[Function]}
                          onClick={[Function]}
                          prefixCls="ant-switch"
                          style={Object {}}
                          unCheckedChildren={null}
                        >
                          <span
                            checked={false}
                            className="ant-switch"
                            defaultChecked={false}
                            onChange={[Function]}
                            onClick={[Function]}
                            onKeyDown={[Function]}
                            onMouseUp={[Function]}
                            style={Object {}}
                            tabIndex={0}
                          >
                            <span
                              className="ant-switch-inner"
                            />
                          </span>
                        </Switch>
                      </Switch>
                    </span>
                    <Animate
                      animation={Object {}}
                      component=""
                      componentProps={Object {}}
                      key="help"
                      onAppear={[Function]}
                      onEnd={[Function]}
                      onEnter={[Function]}
                      onLeave={[Function]}
                      transitionAppear={true}
                      transitionEnter={true}
                      transitionLeave={true}
                      transitionName="show-help"
                    />
                  </div>
                </div>
              </Col>
            </div>
          </Row>
        </FormItem>
      </CustomSwitch>
      <button
        type="submit"
      />
    </form>
  </Form>
</TestForm>
`;
