// Jest Snapshot v1, https://goo.gl/fbAQLP

exports[`Visualization control should render for dotplots 1`] = `<Heatmap />`;

exports[`Visualization control should render for heatmaps 1`] = `<Heatmap />`;

exports[`Visualization control should render for scatter plots 1`] = `<ScatterContainer />`;

exports[`Visualization control should render with upload option when vizType is null 1`] = `
<Selection
  err={null}
  handleFile={[Function]}
  loading={false}
/>
`;
