// Jest Snapshot v1, https://goo.gl/fbAQLP

exports[`Map panel annotations should render 1`] = `
<div
  className="panel__map-annotations"
>
  <div
    className="panel__map-annotation"
    key="a"
    style={
      Object {
        "backgroundColor": "#0000ff",
        "left": "calc(10% - 5px)",
        "top": "calc(20% - 5px)",
      }
    }
    tooltip="a"
    tooltip-position="top"
  />
  <div
    className="panel__map-annotation"
    key="b"
    style={
      Object {
        "backgroundColor": "#0000ff",
        "left": "calc(20% - 5px)",
        "top": "calc(40% - 5px)",
      }
    }
    tooltip="b"
    tooltip-position="top"
  />
</div>
`;
