// Jest Snapshot v1, https://goo.gl/fbAQLP

exports[`Map panel markers should render and match snapshot 1`] = `
<React.Fragment>
  <div
    className="panel__map-marker"
    key="mapmarker1"
    style={
      Object {
        "borderColor": "#000000",
        "height": "10%",
        "left": "10%",
        "top": "10%",
        "width": "10%",
      }
    }
  />
  <div
    className="panel__map-marker"
    key="mapmarker1"
    style={
      Object {
        "borderColor": "#000000",
        "height": "20%",
        "left": "50%",
        "top": "50%",
        "width": "30%",
      }
    }
  />
</React.Fragment>
`;
