// Jest Snapshot v1, https://goo.gl/fbAQLP

exports[`Map panel content should render when in sync and match snapshot 1`] = `
<div
  className="panel__map"
  style={
    Object {
      "height": "calc(100vh - 165px)",
    }
  }
>
  <Image
    annotations={Object {}}
    floatMap={true}
    imageLimits={
      Object {
        "maxHeight": "calc(100vh - 165px)",
        "maxWidth": 320,
        "panelHeight": "calc(100vh - 165px)",
      }
    }
    markers={Object {}}
    minimap="image"
    navigatePosition={[Function]}
    rangeBox={Object {}}
    search={Object {}}
    showAnnotations={false}
    showMarkers={false}
    syncImage={null}
  />
</div>
`;

exports[`Map panel content should render when not in sync and match snapshot 1`] = `
<div
  className="panel__map"
  style={
    Object {
      "height": "calc(100vh - 165px)",
    }
  }
>
  <Synced
    isSyncing={false}
    minimap="image"
    syncError={false}
    syncMap={[Function]}
  />
</div>
`;
