// Jest Snapshot v1, https://goo.gl/fbAQLP

exports[`HelpDetails Renders 1`] = `
<div
  className="help__details"
>
  <div
    className="help__details-inner"
  >
    <Breadcrumb
      prefixCls="ant-breadcrumb"
      separator=">"
    >
      <BreadcrumbItem
        key="help"
        prefixCls="ant-breadcrumb"
        separator="/"
      >
        <Component
          to="help"
        />
      </BreadcrumbItem>
    </Breadcrumb>
    <div
      className="help__details-pages"
    >
      <Switch>
        <Route
          component={[Function]}
          exact={true}
          key="/help"
          path="/help"
        />
        <Route
          component={[Function]}
          exact={true}
          key="/help/tools"
          path="/help/tools"
        />
        <Route
          component={[Function]}
          exact={true}
          key="/help/tools/dotplot"
          path="/help/tools/dotplot"
        />
        <Route
          component={[Function]}
          exact={true}
          key="/help/visualization"
          path="/help/visualization"
        />
        <RouteNotFound />
      </Switch>
      <withRouter(HelpNavButtonsContainer) />
    </div>
  </div>
</div>
`;
