// Jest Snapshot v1, https://goo.gl/fbAQLP

exports[`Newsfeed Renders with news items 1`] = `
<div
  className="Newsfeed-container"
>
  <div
    className="Newsfeed-header"
  >
    News
  </div>
  <div
    className="Newsfeed-content"
  >
    <div
      className="Newsfeed-content-date"
      key="date"
      style={
        Object {
          "gridRow": 1,
        }
      }
    >
      Apr 25, 2018
    </div>
    <div
      className="Newsfeed-content-news"
      key="news"
      style={
        Object {
          "gridRow": 1,
        }
      }
    >
      <Component
        className="Newsfeed-link"
        to="/news/test headline"
      >
        test headline
      </Component>
    </div>
  </div>
</div>
`;

exports[`Newsfeed Renders without news items 1`] = `""`;
