// Jest Snapshot v1, https://goo.gl/fbAQLP

exports[`Visualization Renders with base path 1`] = `
<div>
  <div>
    <Switch>
      <Route
        component={[Function]}
        exact={true}
        path="visualization"
      />
      <Route
        component={[Function]}
        exact={true}
        path="visualization/:id"
      />
      <Route
        component={[Function]}
        exact={true}
        path="visualization/:id/:image"
      />
      <RouteNotFound />
    </Switch>
  </div>
</div>
`;
