// Jest Snapshot v1, https://goo.gl/fbAQLP

exports[`MinimumAbundance Renders 1`] = `
<CustomField
  helpMessage="In addition to the primary filter requirement, a readout must have an abundance
      value (e.g. spectral count) above this minimum to be included in the analysis.
      As with the primary filter, once a readout passes this threshold for one condition,
      all the values for it are returned across all conditions and used in the analysis."
  inputType="number"
  label="Minimum abundance"
  name="minAbundance"
  onChange={[Function]}
  placeHolder="Minimum abundance..."
  type="input"
/>
`;
