// Jest Snapshot v1, https://goo.gl/fbAQLP

exports[`Output Renders 1`] = `
<div>
  <div
    className="Output-header ant-text"
  >
    Output
  </div>
  <div
    className="Output-introduction ant-text"
  >
    See the
     
    <Component
      className="decorate-link"
      to="/help/tools/dotplot"
    >
      help
    </Component>
     
    for detailed information on the files output from this tool.
  </div>
  <CustomField
    helpMessage="The name of the output folder"
    inputType="text"
    label="Output folder"
    name="outputFolder"
    onChange={[Function]}
    placeHolder="Output folder..."
    type="input"
  />
</div>
`;
