// Jest Snapshot v1, https://goo.gl/fbAQLP

exports[`PrimaryFilter Renders 1`] = `
<CustomField
  helpMessage={
    <div>
      All preys that satisfy this score filter for at least one bait will be displayed on the dot plot. If a prey satisfies this filter for at least one bait, all the quantitative values for this prey – even those that did not satisfy the cutoff in particular bait-prey pairs - will also be included. By default, prey confidence will be indicated with a circle edge as shown below:
      <div
        className="Info-img-container"
      >
        <img
          alt="Default filter edges"
          src="filters.svg"
        />
      </div>
    </div>
  }
  inputType="number"
  label="Primary filter"
  name="primaryFilter"
  onChange={[Function]}
  placeHolder="Primary filter..."
  type="input"
/>
`;
