// Jest Snapshot v1, https://goo.gl/fbAQLP

exports[`PrimaryFilter Renders 1`] = `
<CustomField
  helpMessage={
    <div>
      All readouts that satisfy this score filter for at least one condition will be displayed on the dot plot. If a readout satisfies this filter for at least one condition, all the quantitative values for this readout – even those that did not satisfy the cutoff in particular condition-readout pairs - will also be included. By default, readout confidence will be indicated with a circle edge as shown below:
      <div
        className="form__info-img"
      >
        <img
          alt="Default filter edges"
          src="filters.svg"
        />
      </div>
    </div>
  }
  inputType="number"
  label="Primary filter"
  name="primaryFilter"
  onChange={[Function]}
  placeHolder="Primary filter..."
  type="input"
/>
`;
