// Jest Snapshot v1, https://goo.gl/fbAQLP

exports[`Spotlight should render with articles 1`] = `
<section
  className="spotlight"
>
  <h1
    className="spotlight__header"
  >
    SPOTLIGHT
  </h1>
  <Carousel
    arrows={false}
    autoplay={true}
    autoplaySpeed="8000"
    className="spotlight__carousel"
    dots={true}
    draggable={false}
    prefixCls="ant-carousel"
  >
    <div
      className="spotlight__carousel-inner-flex"
      key="article-0"
    >
      <div
        className="spotlight__carousel-inner"
      >
        <div
          className="spotlight__carousel-images"
        >
          <LazyLoad
            height={250}
            offset={500}
            once={false}
            overflow={false}
            resize={false}
            scroll={true}
            unmountIfInvisible={false}
          >
            <img
              alt="Last name highlight"
              className="spotlight__carousel-image"
              src="./images/test.png"
            />
          </LazyLoad>
        </div>
        <div>
          <p
            className="spotlight__carousel-description"
          >
            Last name and colleagues used the test tool
                            tool at ProHits-viz to test description.
          </p>
          <div
            className="spotlight__links"
          >
            <a
              className="spotlight__link"
              href="https://www.ncbi.nlm.nih.gov/pubmed/111111"
              rel="noopener noreferrer"
              target="_blank"
            >
              Pubmed
            </a>
            <a
              className="spotlight__link"
              href="test url"
              rel="noopener noreferrer"
              target="_blank"
            >
              Publisher
            </a>
          </div>
        </div>
      </div>
    </div>
  </Carousel>
  <p
    className="spotlight__howto"
  >
    If you would like to have your work featured on ProHits-viz, check out our help to find out how
  </p>
</section>
`;

exports[`Spotlight should render without articles 1`] = `""`;
