// Jest Snapshot v1, https://goo.gl/fbAQLP

exports[`Spotlight With articles 1`] = `
<div
  className="Spotlight-container fadein"
>
  <div
    className="Spotlight-header"
  >
    SPOTLIGHT
  </div>
  <Carousel
    arrows={false}
    autoplay={true}
    autoplaySpeed="8000"
    className="Spotlight-carousel"
    dots={true}
    draggable={false}
    prefixCls="ant-carousel"
  >
    <div
      className="Spotlight-carousel-container"
      key="article-0"
    >
      <div
        className="Spotlight-carousel-image-container"
      >
        <LazyLoad
          height={200}
          offset={100}
          once={false}
          overflow={true}
          resize={false}
          scroll={true}
          unmountIfInvisible={false}
        >
          <img
            alt="Last name highlight"
            className="Spotlight-carousel-image"
            src="test.png"
          />
        </LazyLoad>
      </div>
      <div>
        <div
          className="Spotlight-carousel-description"
        >
          Last name and colleagues used the test tool
                        tool at ProHits-viz to test description.
        </div>
        <div
          className="Spotlight-link-container"
        >
          <a
            className="Spotlight-link"
            href="https://www.ncbi.nlm.nih.gov/pubmed/111111"
            rel="noopener noreferrer"
            target="_blank"
          >
            Pubmed
          </a>
          <a
            className="Spotlight-link"
            href="test url"
            rel="noopener noreferrer"
            target="_blank"
          >
            Publisher
          </a>
        </div>
      </div>
    </div>
  </Carousel>
  <div
    className="Spotlight-howto"
  >
    If you would like to have your work featured on ProHits-viz, check out our help to find out how
  </div>
</div>
`;

exports[`Spotlight Without articles 1`] = `""`;
