// Jest Snapshot v1, https://goo.gl/fbAQLP

exports[`Status should match snapshot 1`] = `
<Modal
  closable={false}
  confirmLoading={false}
  footer={
    Array [
      <Button
        ghost={false}
        loading={false}
        onClick={[Function]}
        prefixCls="ant-btn"
        type="primary"
    >
        Close
    </Button>,
    ]
  }
  maskTransitionName="fade"
  okText="Close"
  okType="primary"
  onCancel={[Function]}
  prefixCls="ant-modal"
  title="Task ID: taskID"
  transitionName="zoom"
  visible={true}
  width={520}
>
  <div
    className="analysis__task-status"
  >
    <StatusContent
      id="taskID"
      status="running"
    />
  </div>
</Modal>
`;
