// Jest Snapshot v1, https://goo.gl/fbAQLP

exports[`NewsListContainer Renders initially 1`] = `
<HeaderSelection
  columns={
    Object {
      "abundance": Object {
        "initialValue": "test",
      },
      "condition": Object {
        "initialValue": "test",
      },
      "readout": Object {
        "initialValue": "test",
      },
      "score": Object {
        "initialValue": "test",
      },
    }
  }
/>
`;
