// Jest Snapshot v1, https://goo.gl/fbAQLP

exports[`404 should match 1`] = `
<main
  className="missing"
>
  <h1>
    Page Not Found
  </h1>
  <p
    className="Missing-test"
  >
    The page you were looking for was moved, removed, renamed or never existed.
  </p>
  <div
    className="Missing-nav-buttons"
  >
    <Button
      ghost={false}
      loading={false}
      prefixCls="ant-btn"
      type="primary"
    >
      <Component
        to="/"
      >
        Home
      </Component>
    </Button>
    <Button
      ghost={false}
      loading={false}
      prefixCls="ant-btn"
      type="primary"
    >
      <Component
        to="/help"
      >
        Help
      </Component>
    </Button>
    <Button
      ghost={false}
      loading={false}
      onClick={[Function]}
      prefixCls="ant-btn"
      type="primary"
    >
      Contact
    </Button>
  </div>
</main>
`;
