// Jest Snapshot v1, https://goo.gl/fbAQLP

exports[`FileInput should match snapshot 1`] = `
<div
  className="form__file-input"
>
  <Divider>
    File selection
  </Divider>
  <p>
    Specifiy the type of file you would like to analyze and select or drag it to the input below. See the 
     
    <Component
      className="form__file-input-link"
      onClick={[Function]}
      to="/help/format"
    >
      help
    </Component>
     
    for information on input formats. Click
     
    <button
      className="form__file-input-sample-button"
      onClick={[Function]}
      type="button"
    >
      here
    </button>
     
    if you would like to try a sample input file.
  </p>
  <div
    className="form__file-input-select"
  >
    <div
      className="form__file-input-select-inner"
    >
      <CustomField
        name="fileType"
        onChange={[Function]}
        options={
          Array [
            Object {
              "children": Array [
                Object {
                  "text": "SAINT",
                  "value": "saint",
                },
                Object {
                  "disabled": true,
                  "text": "CRAPome",
                  "value": "crapome",
                },
                Object {
                  "disabled": true,
                  "text": "Generic",
                  "value": "generic",
                },
              ],
              "group": true,
              "text": "Protein interaction",
            },
            Object {
              "children": Array [
                Object {
                  "disabled": true,
                  "text": "BAGEL",
                  "value": "bagel",
                },
              ],
              "group": true,
              "text": "CRISPR",
            },
          ]
        }
        placeHolder="File type..."
        type="select"
      />
    </div>
    <div
      className="form__file-input-upload-wrapper"
    >
      <CustomField
        name="file"
        onChange={[Function]}
        type="upload"
      />
    </div>
    <CustomField
      name="sampleFile"
      style={
        Object {
          "display": "none",
        }
      }
      type="checkbox"
    />
  </div>
</div>
`;
