// Jest Snapshot v1, https://goo.gl/fbAQLP

exports[`Analysis Renders 1`] = `
<div>
  <NavbarContainer
    background={true}
    links={
      Array [
        Object {
          "route": "/visualization",
          "text": "VISUALIZATION",
        },
        Object {
          "route": "/news",
          "text": "NEWS",
        },
        Object {
          "route": "/help",
          "text": "HELP",
        },
      ]
    }
  />
  <Connect(FormContainerComponent) />
</div>
`;
